2026-09-26T17:08:03.1300481Z Current runner version: '2.337.0'
2026-09-26T17:08:03.1326764Z ##[group]Runner Image Provisioner
2026-09-26T17:08:03.1327663Z Hosted Compute Agent
2026-09-26T17:08:03.1328435Z Version: 20260828.587
2026-09-26T17:08:03.1329140Z Commit: abac92662cab4cc7352de4f9f9d2e2419aad9c29
2026-09-26T17:08:03.1330480Z Build Date: 2026-08-28T16:44:25Z
2026-09-26T17:08:03.1331332Z Worker ID: {1d124899-b269-457d-ae61-8e5c5ed42f9d}
2026-09-26T17:08:03.1332146Z Azure Region: westcentralus
2026-09-26T17:08:03.1332866Z ##[endgroup]
2026-09-26T17:08:03.1334349Z ##[group]Operating System
2026-09-26T17:08:03.1335020Z Ubuntu
2026-09-26T17:08:03.1335707Z 22.04.5
2026-09-26T17:08:03.1336298Z LTS
2026-09-26T17:08:03.1336924Z ##[endgroup]
2026-09-26T17:08:03.1337566Z ##[group]Runner Image
2026-09-26T17:08:03.1338241Z Image: ubuntu-22.04
2026-09-26T17:08:03.1338941Z Version: 20260920.303.1
2026-09-26T17:08:03.1340628Z Included Software: https://github.com/actions/runner-images/blob/ubuntu22/20260920.303/images/ubuntu/Ubuntu2204-Readme.md
2026-09-26T17:08:03.1342428Z Image Release: https://github.com/actions/runner-images/releases/tag/ubuntu22%2F20260920.303
2026-09-26T17:08:03.1343439Z ##[endgroup]
2026-09-26T17:08:03.1344723Z ##[group]GITHUB_TOKEN Permissions
2026-09-26T17:08:03.1346931Z Contents: read
2026-09-26T17:08:03.1347688Z Metadata: read
2026-09-26T17:08:03.1348325Z ##[endgroup]
2026-09-26T17:08:03.1350965Z Secret source: Actions
2026-09-26T17:08:03.1352024Z Cache mode: write
2026-09-26T17:08:03.1352984Z Prepare workflow directory
2026-09-26T17:08:03.2016855Z Prepare all required actions
2026-09-26T17:08:03.2086779Z Getting action download info
2026-09-26T17:08:08.5062949Z Download action repository 'actions/checkout@df4cb1c069e1874edd31b4311f1884172cec0e10' (SHA:df4cb1c069e1874edd31b4311f1884172cec0e10)
2026-09-26T17:08:08.6244957Z Download action repository 'actions/download-artifact@37930b1c2abaa49bbe596cd826c3c89aef350131' (SHA:37930b1c2abaa49bbe596cd826c3c89aef350131)
2026-09-26T17:08:09.0975499Z Download action repository 'actions/setup-python@ece7cb06caefa5fff74198d8649806c4678c61a1' (SHA:ece7cb06caefa5fff74198d8649806c4678c61a1)
2026-09-26T17:08:09.2281432Z Download action repository 'actions/upload-artifact@b7c566a772e6b6bfb58ed0dc250532a479d7789f' (SHA:b7c566a772e6b6bfb58ed0dc250532a479d7789f)
2026-09-26T17:08:09.4661138Z Complete job name: build-local-artifacts (x86_64-unknown-linux-gnu)
2026-09-26T17:08:09.5262561Z ##[group]Run git config --global core.longpaths true
2026-09-26T17:08:09.5263169Z [36;1mgit config --global core.longpaths true[0m
2026-09-26T17:08:09.5677244Z shell: /usr/bin/bash -e {0}
2026-09-26T17:08:09.5677965Z env:
2026-09-26T17:08:09.5681412Z   GH_TOKEN: ***
2026-09-26T17:08:09.5681883Z   BUILD_MANIFEST_NAME: target/distrib/x86_64-unknown-linux-gnu-dist-manifest.json
2026-09-26T17:08:09.5682506Z   BUILD_ENV_NAME: target/distrib/x86_64-unknown-linux-gnu-build-environment.json
2026-09-26T17:08:09.5682974Z ##[endgroup]
2026-09-26T17:08:09.6093018Z ##[group]Run actions/checkout@df4cb1c069e1874edd31b4311f1884172cec0e10
2026-09-26T17:08:09.6093552Z with:
2026-09-26T17:08:09.6093852Z   persist-credentials: false
2026-09-26T17:08:09.6094179Z   submodules: recursive
2026-09-26T17:08:09.6094494Z   repository: albert-einshutoin/qzt
2026-09-26T17:08:09.6097321Z   token: ***
2026-09-26T17:08:09.6097596Z   ssh-strict: true
2026-09-26T17:08:09.6097868Z   ssh-user: git
2026-09-26T17:08:09.6098125Z   clean: true
2026-09-26T17:08:09.6098397Z   sparse-checkout-cone-mode: true
2026-09-26T17:08:09.6098733Z   fetch-depth: 1
2026-09-26T17:08:09.6098998Z   fetch-tags: false
2026-09-26T17:08:09.6099278Z   show-progress: true
2026-09-26T17:08:09.6099743Z   lfs: false
2026-09-26T17:08:09.6100007Z   set-safe-directory: true
2026-09-26T17:08:09.6100343Z env:
2026-09-26T17:08:09.6103003Z   GH_TOKEN: ***
2026-09-26T17:08:09.6103442Z   BUILD_MANIFEST_NAME: target/distrib/x86_64-unknown-linux-gnu-dist-manifest.json
2026-09-26T17:08:09.6104120Z   BUILD_ENV_NAME: target/distrib/x86_64-unknown-linux-gnu-build-environment.json
2026-09-26T17:08:09.6104835Z ##[endgroup]
2026-09-26T17:08:09.7143985Z Syncing repository: albert-einshutoin/qzt
2026-09-26T17:08:09.7146300Z ##[group]Getting Git version info
2026-09-26T17:08:09.7146973Z Working directory is '/home/runner/work/qzt/qzt'
2026-09-26T17:08:09.7147956Z [command]/usr/bin/git version
2026-09-26T17:08:09.7148434Z git version 2.55.0
2026-09-26T17:08:09.7157891Z ##[endgroup]
2026-09-26T17:08:09.7172537Z Copying '/home/runner/.gitconfig' to '/home/runner/work/_temp/605c23bf-860b-4817-88eb-e059979f8b2a/.gitconfig'
2026-09-26T17:08:09.7180553Z Temporarily overriding HOME='/home/runner/work/_temp/605c23bf-860b-4817-88eb-e059979f8b2a' before making global git config changes
2026-09-26T17:08:09.7182230Z Adding repository directory to the temporary git global config as a safe directory
2026-09-26T17:08:09.7186100Z [command]/usr/bin/git config --global --add safe.directory /home/runner/work/qzt/qzt
2026-09-26T17:08:09.7232769Z Deleting the contents of '/home/runner/work/qzt/qzt'
2026-09-26T17:08:09.7236372Z ##[group]Determining repository object format
2026-09-26T17:08:09.7238923Z ##[endgroup]
2026-09-26T17:08:09.7240259Z ##[group]Initializing the repository
2026-09-26T17:08:09.7244210Z [command]/usr/bin/git init /home/runner/work/qzt/qzt
2026-09-26T17:08:09.7336274Z hint: Using 'master' as the name for the initial branch. This default branch name
2026-09-26T17:08:09.7337597Z hint: will change to "main" in Git 3.0. To configure the initial branch name
2026-09-26T17:08:09.7338727Z hint: to use in all of your new repositories, which will suppress this warning,
2026-09-26T17:08:09.7339833Z hint: call:
2026-09-26T17:08:09.7340426Z hint:
2026-09-26T17:08:09.7341169Z hint: 	git config --global init.defaultBranch <name>
2026-09-26T17:08:09.7342019Z hint:
2026-09-26T17:08:09.7447685Z hint: Names commonly chosen instead of 'master' are 'main', 'trunk' and
2026-09-26T17:08:09.7449191Z hint: 'development'. The just-created branch can be renamed via this command:
2026-09-26T17:08:09.7450158Z hint:
2026-09-26T17:08:09.7452665Z hint: 	git branch -m <name>
2026-09-26T17:08:09.7453200Z hint:
2026-09-26T17:08:09.7453838Z hint: Disable this message with "git config set advice.defaultBranchName false"
2026-09-26T17:08:09.7454575Z Initialized empty Git repository in /home/runner/work/qzt/qzt/.git/
2026-09-26T17:08:09.7455948Z [command]/usr/bin/git remote add origin https://github.com/albert-einshutoin/qzt
2026-09-26T17:08:09.7456962Z ##[endgroup]
2026-09-26T17:08:09.7457623Z ##[group]Disabling automatic garbage collection
2026-09-26T17:08:09.7458106Z [command]/usr/bin/git config --local gc.auto 0
2026-09-26T17:08:09.7459820Z ##[endgroup]
2026-09-26T17:08:09.7460515Z ##[group]Setting up auth
2026-09-26T17:08:09.7461029Z Removing SSH command configuration
2026-09-26T17:08:09.7461996Z [command]/usr/bin/git config --local --name-only --get-regexp core\.sshCommand
2026-09-26T17:08:09.7503093Z [command]/usr/bin/git submodule foreach --recursive sh -c "git config --local --name-only --get-regexp 'core\.sshCommand' && git config --local --unset-all 'core.sshCommand' || :"
2026-09-26T17:08:09.7880433Z Removing HTTP extra header
2026-09-26T17:08:09.7881415Z [command]/usr/bin/git config --local --name-only --get-regexp http\.https\:\/\/github\.com\/\.extraheader
2026-09-26T17:08:09.7924347Z [command]/usr/bin/git submodule foreach --recursive sh -c "git config --local --name-only --get-regexp 'http\.https\:\/\/github\.com\/\.extraheader' && git config --local --unset-all 'http.https://github.com/.extraheader' || :"
2026-09-26T17:08:09.8219274Z Removing includeIf entries pointing to credentials config files
2026-09-26T17:08:09.8226537Z [command]/usr/bin/git config --local --name-only --get-regexp ^includeIf\.gitdir:
2026-09-26T17:08:09.8269705Z [command]/usr/bin/git submodule foreach --recursive git config --local --show-origin --name-only --get-regexp remote.origin.url
2026-09-26T17:08:09.8551560Z [command]/usr/bin/git config --file /home/runner/work/_temp/git-credentials-dc841deb-a62f-40ef-95bf-473c759a1ca3.config http.https://github.com/.extraheader AUTHORIZATION: basic ***
2026-09-26T17:08:09.8602451Z [command]/usr/bin/git config --local includeIf.gitdir:/home/runner/work/qzt/qzt/.git.path /home/runner/work/_temp/git-credentials-dc841deb-a62f-40ef-95bf-473c759a1ca3.config
2026-09-26T17:08:09.8644548Z [command]/usr/bin/git config --local includeIf.gitdir:/home/runner/work/qzt/qzt/.git/worktrees/*.path /home/runner/work/_temp/git-credentials-dc841deb-a62f-40ef-95bf-473c759a1ca3.config
2026-09-26T17:08:09.8684617Z [command]/usr/bin/git config --local includeIf.gitdir:/github/workspace/.git.path /github/runner_temp/git-credentials-dc841deb-a62f-40ef-95bf-473c759a1ca3.config
2026-09-26T17:08:09.8725775Z [command]/usr/bin/git config --local includeIf.gitdir:/github/workspace/.git/worktrees/*.path /github/runner_temp/git-credentials-dc841deb-a62f-40ef-95bf-473c759a1ca3.config
2026-09-26T17:08:09.8770196Z ##[endgroup]
2026-09-26T17:08:09.8770795Z ##[group]Fetching the repository
2026-09-26T17:08:09.8778274Z [command]/usr/bin/git -c protocol.version=2 fetch --no-tags --prune --no-recurse-submodules --depth=1 origin +refs/tags/v0.1.0-pre.4:refs/tags/v0.1.0-pre.4
2026-09-26T17:08:10.7062790Z From https://github.com/albert-einshutoin/qzt
2026-09-26T17:08:10.7063391Z  * [new tag]         v0.1.0-pre.4 -> v0.1.0-pre.4
2026-09-26T17:08:10.7073946Z [command]/usr/bin/git tag --list v0.1.0-pre.4
2026-09-26T17:08:10.7110163Z v0.1.0-pre.4
2026-09-26T17:08:10.7119119Z [command]/usr/bin/git rev-parse refs/tags/v0.1.0-pre.4^{commit}
2026-09-26T17:08:10.7152574Z 4715196614c54c54b7809f99a422343ef2cf7b85
2026-09-26T17:08:10.7157190Z ##[endgroup]
2026-09-26T17:08:10.7157751Z ##[group]Determining the checkout info
2026-09-26T17:08:10.7158700Z ##[endgroup]
2026-09-26T17:08:10.7162950Z [command]/usr/bin/git sparse-checkout disable
2026-09-26T17:08:10.7215710Z [command]/usr/bin/git config --local --unset-all extensions.worktreeConfig
2026-09-26T17:08:10.7254789Z ##[group]Checking out the ref
2026-09-26T17:08:10.7259193Z [command]/usr/bin/git checkout --progress --force refs/tags/v0.1.0-pre.4
2026-09-26T17:08:10.7658479Z Note: switching to 'refs/tags/v0.1.0-pre.4'.
2026-09-26T17:08:10.7658985Z 
2026-09-26T17:08:10.7659583Z You are in 'detached HEAD' state. You can look around, make experimental
2026-09-26T17:08:10.7660215Z changes and commit them, and you can discard any commits you make in this
2026-09-26T17:08:10.7660787Z state without impacting any branches by switching back to a branch.
2026-09-26T17:08:10.7661130Z 
2026-09-26T17:08:10.7661374Z If you want to create a new branch to retain commits you create, you may
2026-09-26T17:08:10.7661931Z do so (now or later) by using -c with the switch command. Example:
2026-09-26T17:08:10.7662228Z 
2026-09-26T17:08:10.7662371Z   git switch -c <new-branch-name>
2026-09-26T17:08:10.7662573Z 
2026-09-26T17:08:10.7662711Z Or undo this operation with:
2026-09-26T17:08:10.7662900Z 
2026-09-26T17:08:10.7663020Z   git switch -
2026-09-26T17:08:10.7663178Z 
2026-09-26T17:08:10.7663879Z Turn off this advice by setting config variable advice.detachedHead to false
2026-09-26T17:08:10.7664409Z 
2026-09-26T17:08:10.7664844Z HEAD is now at 4715196 Merge pull request #319 from albert-einshutoin/release/pre4-candidate
2026-09-26T17:08:10.7670249Z ##[endgroup]
2026-09-26T17:08:10.7670990Z ##[group]Setting up auth for fetching submodules
2026-09-26T17:08:10.7676726Z [command]/usr/bin/git config --file /home/runner/work/_temp/git-credentials-dc841deb-a62f-40ef-95bf-473c759a1ca3.config http.https://github.com/.extraheader AUTHORIZATION: basic ***
2026-09-26T17:08:10.7726698Z [command]/usr/bin/git config --global include.path /home/runner/work/_temp/git-credentials-dc841deb-a62f-40ef-95bf-473c759a1ca3.config
2026-09-26T17:08:10.7765628Z [command]/usr/bin/git config --global --unset-all url.https://github.com/.insteadOf
2026-09-26T17:08:10.7810682Z [command]/usr/bin/git config --global --add url.https://github.com/.insteadOf git@github.com:
2026-09-26T17:08:10.7850343Z [command]/usr/bin/git config --global --add url.https://github.com/.insteadOf org-75466198@github.com:
2026-09-26T17:08:10.7886832Z ##[endgroup]
2026-09-26T17:08:10.7887427Z ##[group]Fetching submodules
2026-09-26T17:08:10.7891078Z [command]/usr/bin/git submodule sync --recursive
2026-09-26T17:08:10.8179488Z [command]/usr/bin/git -c protocol.version=2 submodule update --init --force --depth=1 --recursive
2026-09-26T17:08:10.8466778Z [command]/usr/bin/git submodule foreach --recursive git config --local gc.auto 0
2026-09-26T17:08:10.8749780Z ##[endgroup]
2026-09-26T17:08:10.8802348Z [command]/usr/bin/git log -1 --format=%H
2026-09-26T17:08:10.8839215Z 4715196614c54c54b7809f99a422343ef2cf7b85
2026-09-26T17:08:10.8850381Z ##[group]Removing auth
2026-09-26T17:08:10.8850917Z Removing SSH command configuration
2026-09-26T17:08:10.8854800Z [command]/usr/bin/git config --local --name-only --get-regexp core\.sshCommand
2026-09-26T17:08:10.8895358Z [command]/usr/bin/git submodule foreach --recursive sh -c "git config --local --name-only --get-regexp 'core\.sshCommand' && git config --local --unset-all 'core.sshCommand' || :"
2026-09-26T17:08:10.9212557Z Removing HTTP extra header
2026-09-26T17:08:10.9213502Z [command]/usr/bin/git config --local --name-only --get-regexp http\.https\:\/\/github\.com\/\.extraheader
2026-09-26T17:08:10.9247128Z [command]/usr/bin/git submodule foreach --recursive sh -c "git config --local --name-only --get-regexp 'http\.https\:\/\/github\.com\/\.extraheader' && git config --local --unset-all 'http.https://github.com/.extraheader' || :"
2026-09-26T17:08:10.9543715Z Removing includeIf entries pointing to credentials config files
2026-09-26T17:08:10.9547752Z [command]/usr/bin/git config --local --name-only --get-regexp ^includeIf\.gitdir:
2026-09-26T17:08:10.9583151Z includeif.gitdir:/home/runner/work/qzt/qzt/.git.path
2026-09-26T17:08:10.9584234Z includeif.gitdir:/home/runner/work/qzt/qzt/.git/worktrees/*.path
2026-09-26T17:08:10.9585167Z includeif.gitdir:/github/workspace/.git.path
2026-09-26T17:08:10.9586053Z includeif.gitdir:/github/workspace/.git/worktrees/*.path
2026-09-26T17:08:10.9592809Z [command]/usr/bin/git config --local --get-all includeif.gitdir:/home/runner/work/qzt/qzt/.git.path
2026-09-26T17:08:10.9625206Z /home/runner/work/_temp/git-credentials-dc841deb-a62f-40ef-95bf-473c759a1ca3.config
2026-09-26T17:08:10.9636024Z [command]/usr/bin/git config --local --unset includeif.gitdir:/home/runner/work/qzt/qzt/.git.path /home/runner/work/_temp/git-credentials-dc841deb-a62f-40ef-95bf-473c759a1ca3.config
2026-09-26T17:08:10.9680823Z [command]/usr/bin/git config --local --get-all includeif.gitdir:/home/runner/work/qzt/qzt/.git/worktrees/*.path
2026-09-26T17:08:10.9715752Z /home/runner/work/_temp/git-credentials-dc841deb-a62f-40ef-95bf-473c759a1ca3.config
2026-09-26T17:08:10.9724590Z [command]/usr/bin/git config --local --unset includeif.gitdir:/home/runner/work/qzt/qzt/.git/worktrees/*.path /home/runner/work/_temp/git-credentials-dc841deb-a62f-40ef-95bf-473c759a1ca3.config
2026-09-26T17:08:10.9772264Z [command]/usr/bin/git config --local --get-all includeif.gitdir:/github/workspace/.git.path
2026-09-26T17:08:10.9803371Z /github/runner_temp/git-credentials-dc841deb-a62f-40ef-95bf-473c759a1ca3.config
2026-09-26T17:08:10.9809694Z [command]/usr/bin/git config --local --unset includeif.gitdir:/github/workspace/.git.path /github/runner_temp/git-credentials-dc841deb-a62f-40ef-95bf-473c759a1ca3.config
2026-09-26T17:08:10.9852897Z [command]/usr/bin/git config --local --get-all includeif.gitdir:/github/workspace/.git/worktrees/*.path
2026-09-26T17:08:10.9884594Z /github/runner_temp/git-credentials-dc841deb-a62f-40ef-95bf-473c759a1ca3.config
2026-09-26T17:08:10.9891804Z [command]/usr/bin/git config --local --unset includeif.gitdir:/github/workspace/.git/worktrees/*.path /github/runner_temp/git-credentials-dc841deb-a62f-40ef-95bf-473c759a1ca3.config
2026-09-26T17:08:10.9934350Z [command]/usr/bin/git submodule foreach --recursive git config --local --show-origin --name-only --get-regexp remote.origin.url
2026-09-26T17:08:11.0216004Z Removing credentials config '/home/runner/work/_temp/git-credentials-dc841deb-a62f-40ef-95bf-473c759a1ca3.config'
2026-09-26T17:08:11.0217616Z ##[endgroup]
2026-09-26T17:08:11.0366258Z ##[group]Run set -euo pipefail
2026-09-26T17:08:11.0366644Z [36;1mset -euo pipefail[0m
2026-09-26T17:08:11.0366966Z [36;1mcase "${RUNNER_OS}-${RUNNER_ARCH}" in[0m
2026-09-26T17:08:11.0367323Z [36;1m  Linux-X64)[0m
2026-09-26T17:08:11.0367705Z [36;1m    archive="cargo-dist-x86_64-unknown-linux-gnu.tar.xz"[0m
2026-09-26T17:08:11.0368273Z [36;1m    expected="cd355dab0b4c02fb59038fef87655550021d07f45f1d82f947a34ef98560abb8"[0m
2026-09-26T17:08:11.0368763Z [36;1m    ;;[0m
2026-09-26T17:08:11.0369025Z [36;1m  macOS-X64)[0m
2026-09-26T17:08:11.0369629Z [36;1m    archive="cargo-dist-x86_64-apple-darwin.tar.xz"[0m
2026-09-26T17:08:11.0370494Z [36;1m    expected="fd4d8f9f07802359cbcdc52bac3abd7d5201c4b73a7cbcdd6faca2232a389f0c"[0m
2026-09-26T17:08:11.0371257Z [36;1m    ;;[0m
2026-09-26T17:08:11.0371662Z [36;1m  macOS-ARM64)[0m
2026-09-26T17:08:11.0372195Z [36;1m    archive="cargo-dist-aarch64-apple-darwin.tar.xz"[0m
2026-09-26T17:08:11.0372784Z [36;1m    expected="decb01c64c12501931c3cac3111b368a7f48adf8d9e65455c08e5757b9a1fd6f"[0m
2026-09-26T17:08:11.0373261Z [36;1m    ;;[0m
2026-09-26T17:08:11.0373676Z [36;1m  *) echo "unsupported cargo-dist runner: ${RUNNER_OS}-${RUNNER_ARCH}" >&2; exit 1 ;;[0m
2026-09-26T17:08:11.0374152Z [36;1mesac[0m
2026-09-26T17:08:11.0374611Z [36;1murl="https://github.com/axodotdev/cargo-dist/releases/download/v0.31.0/${archive}"[0m
2026-09-26T17:08:11.0375122Z [36;1mpath="${RUNNER_TEMP}/${archive}"[0m
2026-09-26T17:08:11.0375549Z [36;1mcurl --proto '=https' --tlsv1.2 -fsSL "${url}" -o "${path}"[0m
2026-09-26T17:08:11.0376029Z [36;1mactual="$(shasum -a 256 "${path}" | awk '{ print $1 }')"[0m
2026-09-26T17:08:11.0376430Z [36;1mtest "${expected}" = "${actual}"[0m
2026-09-26T17:08:11.0376792Z [36;1mtar -xJf "${path}" -C "${RUNNER_TEMP}"[0m
2026-09-26T17:08:11.0377289Z [36;1minstall -m 0755 "${RUNNER_TEMP}/${archive%.tar.xz}/dist" "${HOME}/.cargo/bin/dist"[0m
2026-09-26T17:08:11.0459210Z shell: /usr/bin/bash --noprofile --norc -e -o pipefail {0}
2026-09-26T17:08:11.0459926Z env:
2026-09-26T17:08:11.0462799Z   GH_TOKEN: ***
2026-09-26T17:08:11.0463229Z   BUILD_MANIFEST_NAME: target/distrib/x86_64-unknown-linux-gnu-dist-manifest.json
2026-09-26T17:08:11.0463846Z   BUILD_ENV_NAME: target/distrib/x86_64-unknown-linux-gnu-build-environment.json
2026-09-26T17:08:11.0464299Z ##[endgroup]
2026-09-26T17:08:12.0835034Z ##[group]Run actions/download-artifact@37930b1c2abaa49bbe596cd826c3c89aef350131
2026-09-26T17:08:12.0835500Z with:
2026-09-26T17:08:12.0835726Z   pattern: artifacts-*
2026-09-26T17:08:12.0835978Z   path: target/distrib/
2026-09-26T17:08:12.0836221Z   merge-multiple: true
2026-09-26T17:08:12.0836476Z   repository: albert-einshutoin/qzt
2026-09-26T17:08:12.0836758Z   run-id: 36257908117
2026-09-26T17:08:12.0836984Z env:
2026-09-26T17:08:12.0840002Z   GH_TOKEN: ***
2026-09-26T17:08:12.0840400Z   BUILD_MANIFEST_NAME: target/distrib/x86_64-unknown-linux-gnu-dist-manifest.json
2026-09-26T17:08:12.0840990Z   BUILD_ENV_NAME: target/distrib/x86_64-unknown-linux-gnu-build-environment.json
2026-09-26T17:08:12.0841398Z ##[endgroup]
2026-09-26T17:08:12.4606189Z Found 2 artifact(s)
2026-09-26T17:08:12.4607247Z Filtering artifacts by pattern 'artifacts-*'
2026-09-26T17:08:12.4627089Z Preparing to download the following artifacts:
2026-09-26T17:08:12.4628602Z - artifacts-plan-dist-manifest (ID: 10911012953, Size: 2938, Expected Digest: sha256:7a536f1bd779c7df3f4c9068ca53097d3bbd17486b7e0bbe3ce458c666c14b92)
2026-09-26T17:08:12.8519741Z Redirecting to blob download url: https://productionresultssa14.blob.core.windows.net/actions-results/d23d30d0-1033-404b-bea4-535ce095ecc1/workflow-job-run-462553d5-92ff-5e1b-80c1-a609548c756a/artifacts/df7ed1f4fa5d247257f11cf6bef2ceca59d58e372ecd92c424df2261d6942f64.zip
2026-09-26T17:08:12.8521815Z Starting download of artifact to: /home/runner/work/qzt/qzt/target/distrib
2026-09-26T17:08:13.0309586Z (node:2284) [DEP0005] DeprecationWarning: Buffer() is deprecated due to security and usability issues. Please use the Buffer.alloc(), Buffer.allocUnsafe(), or Buffer.from() methods instead.
2026-09-26T17:08:13.0311847Z (Use `node --trace-deprecation ...` to show where the warning was created)
2026-09-26T17:08:13.0345984Z SHA256 digest of downloaded artifact is 7a536f1bd779c7df3f4c9068ca53097d3bbd17486b7e0bbe3ce458c666c14b92
2026-09-26T17:08:13.0347261Z Artifact download completed successfully.
2026-09-26T17:08:13.0348313Z Total of 1 artifact(s) downloaded
2026-09-26T17:08:13.0352943Z Download artifact has finished successfully
2026-09-26T17:08:13.0483512Z ##[group]Run 
2026-09-26T17:08:13.0483800Z [36;1m[0m
2026-09-26T17:08:13.0560042Z shell: /usr/bin/bash -e {0}
2026-09-26T17:08:13.0560334Z env:
2026-09-26T17:08:13.0563307Z   GH_TOKEN: ***
2026-09-26T17:08:13.0563757Z   BUILD_MANIFEST_NAME: target/distrib/x86_64-unknown-linux-gnu-dist-manifest.json
2026-09-26T17:08:13.0564361Z   BUILD_ENV_NAME: target/distrib/x86_64-unknown-linux-gnu-build-environment.json
2026-09-26T17:08:13.0564808Z ##[endgroup]
2026-09-26T17:08:13.0737396Z ##[group]Run actions/setup-python@ece7cb06caefa5fff74198d8649806c4678c61a1
2026-09-26T17:08:13.0737831Z with:
2026-09-26T17:08:13.0738060Z   python-version: 3.12
2026-09-26T17:08:13.0738315Z   check-latest: false
2026-09-26T17:08:13.0741466Z   token: ***
2026-09-26T17:08:13.0741709Z   update-environment: true
2026-09-26T17:08:13.0741978Z   allow-prereleases: false
2026-09-26T17:08:13.0742235Z   freethreaded: false
2026-09-26T17:08:13.0742471Z env:
2026-09-26T17:08:13.0745055Z   GH_TOKEN: ***
2026-09-26T17:08:13.0745446Z   BUILD_MANIFEST_NAME: target/distrib/x86_64-unknown-linux-gnu-dist-manifest.json
2026-09-26T17:08:13.0746014Z   BUILD_ENV_NAME: target/distrib/x86_64-unknown-linux-gnu-build-environment.json
2026-09-26T17:08:13.0746427Z ##[endgroup]
2026-09-26T17:08:13.2129093Z ##[group]Installed versions
2026-09-26T17:08:13.2615657Z Successfully set up CPython (3.12.14)
2026-09-26T17:08:13.2616549Z ##[endgroup]
2026-09-26T17:08:13.2761990Z ##[group]Run set -euo pipefail
2026-09-26T17:08:13.2762528Z [36;1mset -euo pipefail[0m
2026-09-26T17:08:13.2763120Z [36;1mtoolchain="$(rustup show active-toolchain | awk '{ print $1 }')"[0m
2026-09-26T17:08:13.2763769Z [36;1mtest -n "$toolchain"[0m
2026-09-26T17:08:13.2764282Z [36;1mecho "RUSTUP_TOOLCHAIN=$toolchain" >> "$GITHUB_ENV"[0m
2026-09-26T17:08:13.2764892Z [36;1mexport RUSTUP_TOOLCHAIN="$toolchain"[0m
2026-09-26T17:08:13.2765504Z [36;1mpython scripts/record-build-environment.py record \[0m
2026-09-26T17:08:13.2766117Z [36;1m  --source-sha "$(git rev-parse HEAD)" \[0m
2026-09-26T17:08:13.2766654Z [36;1m  --target 'x86_64-unknown-linux-gnu' \[0m
2026-09-26T17:08:13.2767410Z [36;1m  --profile 'dist (release with thin LTO)' --features 'default; no feature override' \[0m
2026-09-26T17:08:13.2768823Z [36;1m  --build-command 'dist build --tag=v0.1.0-pre.4 --print=linkage --allow-dirty --output-format=json --artifacts=local --target=x86_64-unknown-linux-gnu' \[0m
2026-09-26T17:08:13.2770141Z [36;1m  --output "$BUILD_ENV_NAME"[0m
2026-09-26T17:08:13.2930891Z shell: /usr/bin/bash --noprofile --norc -e -o pipefail {0}
2026-09-26T17:08:13.2931301Z env:
2026-09-26T17:08:13.2934023Z   GH_TOKEN: ***
2026-09-26T17:08:13.2934435Z   BUILD_MANIFEST_NAME: target/distrib/x86_64-unknown-linux-gnu-dist-manifest.json
2026-09-26T17:08:13.2935004Z   BUILD_ENV_NAME: target/distrib/x86_64-unknown-linux-gnu-build-environment.json
2026-09-26T17:08:13.2935494Z   pythonLocation: /opt/hostedtoolcache/Python/3.12.14/x64
2026-09-26T17:08:13.2935968Z   PKG_CONFIG_PATH: /opt/hostedtoolcache/Python/3.12.14/x64/lib/pkgconfig
2026-09-26T17:08:13.2936427Z   Python_ROOT_DIR: /opt/hostedtoolcache/Python/3.12.14/x64
2026-09-26T17:08:13.2936827Z   Python2_ROOT_DIR: /opt/hostedtoolcache/Python/3.12.14/x64
2026-09-26T17:08:13.2937217Z   Python3_ROOT_DIR: /opt/hostedtoolcache/Python/3.12.14/x64
2026-09-26T17:08:13.2937614Z   LD_LIBRARY_PATH: /opt/hostedtoolcache/Python/3.12.14/x64/lib
2026-09-26T17:08:13.2937983Z ##[endgroup]
2026-09-26T17:08:15.0995790Z ##[group]Run # Actually do builds and make zips and whatnot
2026-09-26T17:08:15.0996274Z [36;1m# Actually do builds and make zips and whatnot[0m
2026-09-26T17:08:15.0997031Z [36;1mdist build --tag=v0.1.0-pre.4 --print=linkage --allow-dirty --output-format=json --artifacts=local --target=x86_64-unknown-linux-gnu > dist-manifest.json[0m
2026-09-26T17:08:15.0997730Z [36;1mecho "dist ran successfully"[0m
2026-09-26T17:08:15.1074324Z shell: /usr/bin/bash -e {0}
2026-09-26T17:08:15.1074612Z env:
2026-09-26T17:08:15.1077359Z   GH_TOKEN: ***
2026-09-26T17:08:15.1077763Z   BUILD_MANIFEST_NAME: target/distrib/x86_64-unknown-linux-gnu-dist-manifest.json
2026-09-26T17:08:15.1078338Z   BUILD_ENV_NAME: target/distrib/x86_64-unknown-linux-gnu-build-environment.json
2026-09-26T17:08:15.1078831Z   pythonLocation: /opt/hostedtoolcache/Python/3.12.14/x64
2026-09-26T17:08:15.1079277Z   PKG_CONFIG_PATH: /opt/hostedtoolcache/Python/3.12.14/x64/lib/pkgconfig
2026-09-26T17:08:15.1080066Z   Python_ROOT_DIR: /opt/hostedtoolcache/Python/3.12.14/x64
2026-09-26T17:08:15.1080487Z   Python2_ROOT_DIR: /opt/hostedtoolcache/Python/3.12.14/x64
2026-09-26T17:08:15.1080879Z   Python3_ROOT_DIR: /opt/hostedtoolcache/Python/3.12.14/x64
2026-09-26T17:08:15.1081290Z   LD_LIBRARY_PATH: /opt/hostedtoolcache/Python/3.12.14/x64/lib
2026-09-26T17:08:15.1081684Z   RUSTUP_TOOLCHAIN: stable-x86_64-unknown-linux-gnu
2026-09-26T17:08:15.1082006Z ##[endgroup]
2026-09-26T17:08:17.9133696Z building artifacts:
2026-09-26T17:08:17.9134230Z   qzt-x86_64-unknown-linux-gnu.tar.xz
2026-09-26T17:08:17.9134787Z   qzt-x86_64-unknown-linux-gnu.tar.xz.sha256
2026-09-26T17:08:17.9135147Z 
2026-09-26T17:08:17.9135550Z building x86_64-unknown-linux-gnu target, using cargo profile dist --workspace)
2026-09-26T17:08:18.0030809Z    Compiling libc v0.2.186
2026-09-26T17:08:18.0031318Z    Compiling shlex v2.0.1
2026-09-26T17:08:18.0031762Z    Compiling find-msvc-tools v0.1.9
2026-09-26T17:08:18.0032243Z    Compiling pkg-config v0.3.33
2026-09-26T17:08:21.2128430Z    Compiling zstd-safe v7.2.4
2026-09-26T17:08:21.2129892Z    Compiling arrayvec v0.7.6
2026-09-26T17:08:21.3507762Z    Compiling constant_time_eq v0.4.2
2026-09-26T17:08:21.7643882Z    Compiling cpufeatures v0.3.0
2026-09-26T17:08:21.8299307Z    Compiling arrayref v0.3.9
2026-09-26T17:08:21.8524195Z    Compiling cfg-if v1.0.4
2026-09-26T17:08:21.8744017Z    Compiling same-file v1.0.6
2026-09-26T17:08:23.6559573Z    Compiling jobserver v0.1.34
2026-09-26T17:08:23.8144710Z    Compiling cc v1.2.63
2026-09-26T17:08:24.6364110Z    Compiling zstd-sys v2.0.16+zstd.1.5.7
2026-09-26T17:08:24.6364699Z    Compiling blake3 v1.8.5
2026-09-26T17:08:38.3558271Z    Compiling zstd v0.13.3
2026-09-26T17:08:38.5235051Z    Compiling qzt v0.1.0-pre.4 (/home/runner/work/qzt/qzt)
2026-09-26T17:08:45.7931363Z     Finished `dist` profile [optimized] target(s) in 27.87s
2026-09-26T17:08:51.2483821Z qzt (x86_64-unknown-linux-gnu)
2026-09-26T17:08:51.2484208Z 
2026-09-26T17:08:51.2489033Z ┌────────────────────┬─────────────────────────────────────────┐
2026-09-26T17:08:51.2490083Z │ Category           ┆ Libraries                               │
2026-09-26T17:08:51.2490861Z ╞════════════════════╪═════════════════════════════════════════╡
2026-09-26T17:08:51.2491567Z │ System             ┆ /usr/lib/x86_64-linux-gnu/libc.so.6     │
2026-09-26T17:08:51.2492267Z │                    ┆ /usr/lib/x86_64-linux-gnu/libgcc_s.so.1 │
2026-09-26T17:08:51.2492977Z ├╌╌╌╌╌╌╌╌╌╌╌╌╌╌╌╌╌╌╌╌┼╌╌╌╌╌╌╌╌╌╌╌╌╌╌╌╌╌╌╌╌╌╌╌╌╌╌╌╌╌╌╌╌╌╌╌╌╌╌╌╌╌┤
2026-09-26T17:08:51.2493660Z │ Homebrew           ┆                                         │
2026-09-26T17:08:51.2494388Z ├╌╌╌╌╌╌╌╌╌╌╌╌╌╌╌╌╌╌╌╌┼╌╌╌╌╌╌╌╌╌╌╌╌╌╌╌╌╌╌╌╌╌╌╌╌╌╌╌╌╌╌╌╌╌╌╌╌╌╌╌╌╌┤
2026-09-26T17:08:51.2495112Z │ Public (unmanaged) ┆                                         │
2026-09-26T17:08:51.2495827Z ├╌╌╌╌╌╌╌╌╌╌╌╌╌╌╌╌╌╌╌╌┼╌╌╌╌╌╌╌╌╌╌╌╌╌╌╌╌╌╌╌╌╌╌╌╌╌╌╌╌╌╌╌╌╌╌╌╌╌╌╌╌╌┤
2026-09-26T17:08:51.2496467Z │ Frameworks         ┆                                         │
2026-09-26T17:08:51.2497532Z ├╌╌╌╌╌╌╌╌╌╌╌╌╌╌╌╌╌╌╌╌┼╌╌╌╌╌╌╌╌╌╌╌╌╌╌╌╌╌╌╌╌╌╌╌╌╌╌╌╌╌╌╌╌╌╌╌╌╌╌╌╌╌┤
2026-09-26T17:08:51.2498439Z │ Other              ┆                                         │
2026-09-26T17:08:51.2499110Z └────────────────────┴─────────────────────────────────────────┘
2026-09-26T17:08:51.2500933Z dist ran successfully
2026-09-26T17:08:51.2538550Z ##[group]Run python scripts/record-build-environment.py verify --input "$BUILD_ENV_NAME"
2026-09-26T17:08:51.2539215Z [36;1mpython scripts/record-build-environment.py verify --input "$BUILD_ENV_NAME"[0m
2026-09-26T17:08:51.2616306Z shell: /usr/bin/bash --noprofile --norc -e -o pipefail {0}
2026-09-26T17:08:51.2616673Z env:
2026-09-26T17:08:51.2619633Z   GH_TOKEN: ***
2026-09-26T17:08:51.2620049Z   BUILD_MANIFEST_NAME: target/distrib/x86_64-unknown-linux-gnu-dist-manifest.json
2026-09-26T17:08:51.2620628Z   BUILD_ENV_NAME: target/distrib/x86_64-unknown-linux-gnu-build-environment.json
2026-09-26T17:08:51.2621135Z   pythonLocation: /opt/hostedtoolcache/Python/3.12.14/x64
2026-09-26T17:08:51.2621589Z   PKG_CONFIG_PATH: /opt/hostedtoolcache/Python/3.12.14/x64/lib/pkgconfig
2026-09-26T17:08:51.2622056Z   Python_ROOT_DIR: /opt/hostedtoolcache/Python/3.12.14/x64
2026-09-26T17:08:51.2622457Z   Python2_ROOT_DIR: /opt/hostedtoolcache/Python/3.12.14/x64
2026-09-26T17:08:51.2622883Z   Python3_ROOT_DIR: /opt/hostedtoolcache/Python/3.12.14/x64
2026-09-26T17:08:51.2623271Z   LD_LIBRARY_PATH: /opt/hostedtoolcache/Python/3.12.14/x64/lib
2026-09-26T17:08:51.2623665Z   RUSTUP_TOOLCHAIN: stable-x86_64-unknown-linux-gnu
2026-09-26T17:08:51.2623998Z ##[endgroup]
2026-09-26T17:08:51.3167991Z Traceback (most recent call last):
2026-09-26T17:08:51.3176505Z   File "/home/runner/work/qzt/qzt/scripts/record-build-environment.py", line 100, in <module>
2026-09-26T17:08:51.3177354Z     main()
2026-09-26T17:08:51.3178108Z   File "/home/runner/work/qzt/qzt/scripts/record-build-environment.py", line 92, in main
2026-09-26T17:08:51.3179104Z     current = snapshot(saved["source_sha"], saved["target"], saved["build_profile"],
2026-09-26T17:08:51.3180131Z               ^^^^^^^^^^^^^^^^^^^^^^^^^^^^^^^^^^^^^^^^^^^^^^^^^^^^^^^^^^^^^^^^^^^^^^
2026-09-26T17:08:51.3181064Z   File "/home/runner/work/qzt/qzt/scripts/record-build-environment.py", line 33, in snapshot
2026-09-26T17:08:51.3181971Z     raise RuntimeError("build checkout is dirty")
2026-09-26T17:08:51.3190333Z RuntimeError: build checkout is dirty
2026-09-26T17:08:51.3242608Z ##[error]Process completed with exit code 1.
2026-09-26T17:08:51.3366289Z Post job cleanup.
2026-09-26T17:08:51.4280881Z [command]/usr/bin/git version
2026-09-26T17:08:51.4355262Z git version 2.55.0
2026-09-26T17:08:51.4390005Z Copying '/home/runner/.gitconfig' to '/home/runner/work/_temp/d8844e2c-65e1-45d3-91bd-741505164879/.gitconfig'
2026-09-26T17:08:51.4401576Z Temporarily overriding HOME='/home/runner/work/_temp/d8844e2c-65e1-45d3-91bd-741505164879' before making global git config changes
2026-09-26T17:08:51.4403161Z Adding repository directory to the temporary git global config as a safe directory
2026-09-26T17:08:51.4406193Z [command]/usr/bin/git config --global --add safe.directory /home/runner/work/qzt/qzt
2026-09-26T17:08:51.4444706Z Removing SSH command configuration
2026-09-26T17:08:51.4451992Z [command]/usr/bin/git config --local --name-only --get-regexp core\.sshCommand
2026-09-26T17:08:51.4493657Z [command]/usr/bin/git submodule foreach --recursive sh -c "git config --local --name-only --get-regexp 'core\.sshCommand' && git config --local --unset-all 'core.sshCommand' || :"
2026-09-26T17:08:51.4791134Z Removing HTTP extra header
2026-09-26T17:08:51.4796771Z [command]/usr/bin/git config --local --name-only --get-regexp http\.https\:\/\/github\.com\/\.extraheader
2026-09-26T17:08:51.4837748Z [command]/usr/bin/git submodule foreach --recursive sh -c "git config --local --name-only --get-regexp 'http\.https\:\/\/github\.com\/\.extraheader' && git config --local --unset-all 'http.https://github.com/.extraheader' || :"
2026-09-26T17:08:51.5136394Z Removing includeIf entries pointing to credentials config files
2026-09-26T17:08:51.5144914Z [command]/usr/bin/git config --local --name-only --get-regexp ^includeIf\.gitdir:
2026-09-26T17:08:51.5192635Z [command]/usr/bin/git submodule foreach --recursive git config --local --show-origin --name-only --get-regexp remote.origin.url
2026-09-26T17:08:51.5674160Z Cleaning up orphan processes
