warning: variants `C1Conversation`, `C3Prose`, and `C6Adversarial` are never constructed
  --> scripts/../src/corpus.rs:8:5
   |
 6 | pub enum CorpusKind {
   |          ---------- variants in this enum
 7 |     /// C1 conversation transcripts.
 8 |     C1Conversation,
   |     ^^^^^^^^^^^^^^
...
12 |     C3Prose,
   |     ^^^^^^^
...
18 |     C6Adversarial,
   |     ^^^^^^^^^^^^^
   |
   = note: `CorpusKind` has derived impls for the traits `Clone` and `Debug`, but these are intentionally ignored during dead code analysis
   = note: `#[warn(dead_code)]` (part of `#[warn(unused)]`) on by default

warning: associated items `all` and `id` are never used
  --> scripts/../src/corpus.rs:24:18
   |
21 | impl CorpusKind {
   | --------------- associated items in this implementation
...
24 |     pub const fn all() -> [Self; 6] {
   |                  ^^^
...
37 |     pub const fn id(self) -> &'static str {
   |                  ^^

warning: 2 warnings emitted

C2/C4 source size/hash/query oracle: OK
   Compiling libc v0.2.186
   Compiling shlex v2.0.1
   Compiling find-msvc-tools v0.1.9
   Compiling pkg-config v0.3.33
   Compiling zstd-safe v7.2.4
   Compiling arrayref v0.3.9
   Compiling arrayvec v0.7.6
   Compiling cfg-if v1.0.4
   Compiling constant_time_eq v0.4.2
   Compiling same-file v1.0.6
   Compiling jobserver v0.1.34
   Compiling cc v1.2.63
   Compiling zstd-sys v2.0.16+zstd.1.5.7
   Compiling blake3 v1.8.5
   Compiling zstd v0.13.3
   Compiling qzt v0.1.0-pre.6 (/Volumes/Satechi/Developer/qzt-index-budget-delivery-20261011)
    Finished `release` profile [optimized] target(s) in 9.46s
admitted search bytes / product refusal / existing and new output protection: OK
replay_dir=/var/folders/72/r_2g2yf93rs0b0t31vf79m3c0000gn/T/tmp.2YvqHYXXLy
