2026-10-10T15:52:28.5665964Z Current runner version: '2.337.0'
2026-10-10T15:52:28.5684773Z ##[group]Runner Image Provisioner
2026-10-10T15:52:28.5685465Z Hosted Compute Agent
2026-10-10T15:52:28.5685887Z Version: 20261002.596
2026-10-10T15:52:28.5686278Z Commit: c3d12f3313a95f25162a1503be624f3b0617f8c0
2026-10-10T15:52:28.5686745Z Build Date: 2026-10-02T22:28:27Z
2026-10-10T15:52:28.5687222Z Worker ID: {6b5ffeba-0689-4712-8735-fec74df1c95c}
2026-10-10T15:52:28.5687643Z Region: centralus
2026-10-10T15:52:28.5688003Z Cloud: Azure
2026-10-10T15:52:28.5688344Z ##[endgroup]
2026-10-10T15:52:28.5689157Z ##[group]Operating System
2026-10-10T15:52:28.5689566Z Ubuntu
2026-10-10T15:52:28.5689887Z 24.04.5
2026-10-10T15:52:28.5690190Z LTS
2026-10-10T15:52:28.5690548Z ##[endgroup]
2026-10-10T15:52:28.5690915Z ##[group]Runner Image
2026-10-10T15:52:28.5691358Z Image: ubuntu-24.04
2026-10-10T15:52:28.5691707Z Version: 20261004.327.1
2026-10-10T15:52:28.5692510Z Included Software: https://github.com/actions/runner-images/blob/ubuntu24/20261004.327/images/ubuntu/Ubuntu2404-Readme.md
2026-10-10T15:52:28.5693392Z Image Release: https://github.com/actions/runner-images/releases/tag/ubuntu24%2F20261004.327
2026-10-10T15:52:28.5694014Z ##[endgroup]
2026-10-10T15:52:28.5694709Z ##[group]GITHUB_TOKEN Permissions
2026-10-10T15:52:28.5696064Z Contents: read
2026-10-10T15:52:28.5696441Z Metadata: read
2026-10-10T15:52:28.5696769Z Packages: read
2026-10-10T15:52:28.5697153Z ##[endgroup]
2026-10-10T15:52:28.5698805Z Secret source: Actions
2026-10-10T15:52:28.5699445Z Cache mode: write
2026-10-10T15:52:28.5699876Z Prepare workflow directory
2026-10-10T15:52:28.5980758Z Prepare all required actions
2026-10-10T15:52:28.6013543Z Getting action download info
2026-10-10T15:52:28.8170215Z Download action repository 'actions/checkout@v5' (SHA:fbc6f3992d24b796d5a048ff273f7fcc4a7b6c09)
2026-10-10T15:52:29.3931816Z Download action repository 'dtolnay/rust-toolchain@stable' (SHA:686976e191b89faba57d3206551f0f330d8cb249)
2026-10-10T15:52:29.7549082Z Download action repository 'Swatinem/rust-cache@v2' (SHA:6323deb102c322ba6fcbdcafc7e3dddab59af2b6)
2026-10-10T15:52:30.7770861Z Complete job name: check (stable)
2026-10-10T15:52:30.8520765Z ##[group]Run actions/checkout@v5
2026-10-10T15:52:30.8521565Z with:
2026-10-10T15:52:30.8522108Z   repository: albert-einshutoin/qzt
2026-10-10T15:52:30.8526795Z   token: ***
2026-10-10T15:52:30.8527317Z   ssh-strict: true
2026-10-10T15:52:30.8527839Z   ssh-user: git
2026-10-10T15:52:30.8528379Z   persist-credentials: true
2026-10-10T15:52:30.8528966Z   clean: true
2026-10-10T15:52:30.8529507Z   sparse-checkout-cone-mode: true
2026-10-10T15:52:30.8530162Z   fetch-depth: 1
2026-10-10T15:52:30.8530686Z   fetch-tags: false
2026-10-10T15:52:30.8531239Z   show-progress: true
2026-10-10T15:52:30.8531788Z   lfs: false
2026-10-10T15:52:30.8532298Z   submodules: false
2026-10-10T15:52:30.8532845Z   set-safe-directory: true
2026-10-10T15:52:30.8533463Z   allow-unsafe-pr-checkout: false
2026-10-10T15:52:30.8534174Z ##[endgroup]
2026-10-10T15:52:30.9203848Z Syncing repository: albert-einshutoin/qzt
2026-10-10T15:52:30.9205863Z ##[group]Getting Git version info
2026-10-10T15:52:30.9206636Z Working directory is '/home/runner/work/qzt/qzt'
2026-10-10T15:52:30.9207770Z [command]/usr/bin/git version
2026-10-10T15:52:30.9289946Z git version 2.55.0
2026-10-10T15:52:30.9303803Z ##[endgroup]
2026-10-10T15:52:30.9320829Z Temporarily overriding HOME='/home/runner/work/_temp/5a121e54-2957-405d-a228-a0b01d6eb11d' before making global git config changes
2026-10-10T15:52:30.9323413Z Adding repository directory to the temporary git global config as a safe directory
2026-10-10T15:52:30.9325257Z [command]/usr/bin/git config --global --add safe.directory /home/runner/work/qzt/qzt
2026-10-10T15:52:30.9654500Z Deleting the contents of '/home/runner/work/qzt/qzt'
2026-10-10T15:52:30.9656925Z ##[group]Initializing the repository
2026-10-10T15:52:30.9658089Z [command]/usr/bin/git init /home/runner/work/qzt/qzt
2026-10-10T15:52:31.0543879Z hint: Using 'master' as the name for the initial branch. This default branch name
2026-10-10T15:52:31.0546265Z hint: will change to "main" in Git 3.0. To configure the initial branch name
2026-10-10T15:52:31.0548073Z hint: to use in all of your new repositories, which will suppress this warning,
2026-10-10T15:52:31.0550629Z hint: call:
2026-10-10T15:52:31.0551568Z hint:
2026-10-10T15:52:31.0552643Z hint: 	git config --global init.defaultBranch <name>
2026-10-10T15:52:31.0553868Z hint:
2026-10-10T15:52:31.0556249Z hint: Names commonly chosen instead of 'master' are 'main', 'trunk' and
2026-10-10T15:52:31.0557977Z hint: 'development'. The just-created branch can be renamed via this command:
2026-10-10T15:52:31.0559367Z hint:
2026-10-10T15:52:31.0560265Z hint: 	git branch -m <name>
2026-10-10T15:52:31.0561273Z hint:
2026-10-10T15:52:31.0562511Z hint: Disable this message with "git config set advice.defaultBranchName false"
2026-10-10T15:52:31.0564603Z Initialized empty Git repository in /home/runner/work/qzt/qzt/.git/
2026-10-10T15:52:31.0568223Z [command]/usr/bin/git remote add origin https://github.com/albert-einshutoin/qzt
2026-10-10T15:52:31.0847391Z ##[endgroup]
2026-10-10T15:52:31.0847766Z ##[group]Disabling automatic garbage collection
2026-10-10T15:52:31.0853050Z [command]/usr/bin/git config --local gc.auto 0
2026-10-10T15:52:31.0897948Z ##[endgroup]
2026-10-10T15:52:31.0898238Z ##[group]Setting up auth
2026-10-10T15:52:31.0898535Z [command]/usr/bin/git config --local --name-only --get-regexp core\.sshCommand
2026-10-10T15:52:31.0932471Z [command]/usr/bin/git submodule foreach --recursive sh -c "git config --local --name-only --get-regexp 'core\.sshCommand' && git config --local --unset-all 'core.sshCommand' || :"
2026-10-10T15:52:31.1301431Z [command]/usr/bin/git config --local --name-only --get-regexp http\.https\:\/\/github\.com\/\.extraheader
2026-10-10T15:52:31.1331775Z [command]/usr/bin/git submodule foreach --recursive sh -c "git config --local --name-only --get-regexp 'http\.https\:\/\/github\.com\/\.extraheader' && git config --local --unset-all 'http.https://github.com/.extraheader' || :"
2026-10-10T15:52:31.1511174Z [command]/usr/bin/git config --local --name-only --get-regexp ^includeIf\.gitdir:
2026-10-10T15:52:31.1539945Z [command]/usr/bin/git submodule foreach --recursive git config --local --show-origin --name-only --get-regexp remote.origin.url
2026-10-10T15:52:31.1723288Z [command]/usr/bin/git config --local http.https://github.com/.extraheader AUTHORIZATION: basic ***
2026-10-10T15:52:31.1761150Z ##[endgroup]
2026-10-10T15:52:31.1761938Z ##[group]Fetching the repository
2026-10-10T15:52:31.1768615Z [command]/usr/bin/git -c protocol.version=2 fetch --no-tags --prune --no-recurse-submodules --depth=1 origin +064712a74b68af83d963c4e5c5b2cbdf2ae482a6:refs/remotes/pull/345/merge
2026-10-10T15:52:31.7969867Z From https://github.com/albert-einshutoin/qzt
2026-10-10T15:52:31.7970347Z  * [new ref]         064712a74b68af83d963c4e5c5b2cbdf2ae482a6 -> pull/345/merge
2026-10-10T15:52:31.7974285Z ##[endgroup]
2026-10-10T15:52:31.7974711Z ##[group]Determining the checkout info
2026-10-10T15:52:31.7977369Z ##[endgroup]
2026-10-10T15:52:31.7982157Z [command]/usr/bin/git sparse-checkout disable
2026-10-10T15:52:31.8030009Z [command]/usr/bin/git config --local --unset-all extensions.worktreeConfig
2026-10-10T15:52:31.8063639Z ##[group]Checking out the ref
2026-10-10T15:52:31.8066521Z [command]/usr/bin/git checkout --progress --force refs/remotes/pull/345/merge
2026-10-10T15:52:31.8425845Z Note: switching to 'refs/remotes/pull/345/merge'.
2026-10-10T15:52:31.8426060Z 
2026-10-10T15:52:31.8426200Z You are in 'detached HEAD' state. You can look around, make experimental
2026-10-10T15:52:31.8426485Z changes and commit them, and you can discard any commits you make in this
2026-10-10T15:52:31.8426766Z state without impacting any branches by switching back to a branch.
2026-10-10T15:52:31.8426922Z 
2026-10-10T15:52:31.8427042Z If you want to create a new branch to retain commits you create, you may
2026-10-10T15:52:31.8427307Z do so (now or later) by using -c with the switch command. Example:
2026-10-10T15:52:31.8427664Z 
2026-10-10T15:52:31.8427741Z   git switch -c <new-branch-name>
2026-10-10T15:52:31.8427849Z 
2026-10-10T15:52:31.8427918Z Or undo this operation with:
2026-10-10T15:52:31.8428010Z 
2026-10-10T15:52:31.8428068Z   git switch -
2026-10-10T15:52:31.8428140Z 
2026-10-10T15:52:31.8428281Z Turn off this advice by setting config variable advice.detachedHead to false
2026-10-10T15:52:31.8428453Z 
2026-10-10T15:52:31.8428668Z HEAD is now at 064712a Merge 31457cb94b3a234970d7c5d0b596b6e2b33967e7 into 9cf2c7c66a88c9f37a67567e5fa2247941b93dea
2026-10-10T15:52:31.8487310Z ##[endgroup]
2026-10-10T15:52:31.8489413Z [command]/usr/bin/git log -1 --format=%H
2026-10-10T15:52:31.8512746Z 064712a74b68af83d963c4e5c5b2cbdf2ae482a6
2026-10-10T15:52:31.8767941Z ##[group]Run dtolnay/rust-toolchain@stable
2026-10-10T15:52:31.8768130Z with:
2026-10-10T15:52:31.8768248Z   toolchain: stable
2026-10-10T15:52:31.8768379Z   components: rustfmt, clippy
2026-10-10T15:52:31.8768523Z ##[endgroup]
2026-10-10T15:52:31.8811463Z ##[start-action display=Parse toolchain version;id=__dtolnay_rust-toolchain.parse]
2026-10-10T15:52:31.8853818Z ##[group]Run if [[ -z $toolchain ]]; then
2026-10-10T15:52:31.8854053Z [36;1mif [[ -z $toolchain ]]; then[0m
2026-10-10T15:52:31.8854363Z [36;1m  # GitHub does not enforce `required: true` inputs itself. https://github.com/actions/runner/issues/1070[0m
2026-10-10T15:52:31.8854684Z [36;1m  echo "'toolchain' is a required input" >&2[0m
2026-10-10T15:52:31.8854988Z [36;1m  exit 1[0m
2026-10-10T15:52:31.8855186Z [36;1melif [[ $toolchain =~ ^stable' '[0-9]+' '(year|month|week|day)s?' 'ago$ ]]; then[0m
2026-10-10T15:52:31.8855424Z [36;1m  if [[ Linux == macOS ]]; then[0m
2026-10-10T15:52:31.8855767Z [36;1m    echo "toolchain=1.$((($(date -v-$(sed 's/stable \([0-9]*\) \(.\).*/\1\2/' <<< $toolchain) +%s)/60/60/24-16569)/7/6))" >> $GITHUB_OUTPUT[0m
2026-10-10T15:52:31.8856055Z [36;1m  else[0m
2026-10-10T15:52:31.8856286Z [36;1m    echo "toolchain=1.$((($(date --date "${toolchain#stable }" +%s)/60/60/24-16569)/7/6))" >> $GITHUB_OUTPUT[0m
2026-10-10T15:52:31.8856647Z [36;1m  fi[0m
2026-10-10T15:52:31.8856823Z [36;1melif [[ $toolchain =~ ^stable' 'minus' '[0-9]+' 'releases?$ ]]; then[0m
2026-10-10T15:52:31.8857126Z [36;1m  echo "toolchain=1.$((($(date +%s)/60/60/24-16569)/7/6-${toolchain//[^0-9]/}))" >> $GITHUB_OUTPUT[0m
2026-10-10T15:52:31.8857390Z [36;1melif [[ $toolchain =~ ^1\.[0-9]+$ ]]; then[0m
2026-10-10T15:52:31.8857684Z [36;1m  echo "toolchain=1.$((i=${toolchain#1.}, c=($(date +%s)/60/60/24-16569)/7/6, i+9*i*(10*i<=c)+90*i*(100*i<=c)))" >> $GITHUB_OUTPUT[0m
2026-10-10T15:52:31.8857954Z [36;1melse[0m
2026-10-10T15:52:31.8858072Z [36;1m  delimiter=EOF[0m
2026-10-10T15:52:31.8858253Z [36;1m  while [[ $toolchain == *$delimiter* ]]; do delimiter+=_; done[0m
2026-10-10T15:52:31.8858542Z [36;1m  printf 'toolchain<<%s\n%s\n%s\n' "$delimiter" "$toolchain" "$delimiter" >> $GITHUB_OUTPUT[0m
2026-10-10T15:52:31.8858774Z [36;1mfi[0m
2026-10-10T15:52:31.9070767Z shell: /usr/bin/bash --noprofile --norc -e -o pipefail {0}
2026-10-10T15:52:31.9070971Z env:
2026-10-10T15:52:31.9071094Z   toolchain: stable
2026-10-10T15:52:31.9071223Z ##[endgroup]
2026-10-10T15:52:31.9173780Z ##[end-action id=__dtolnay_rust-toolchain.parse;outcome=success;conclusion=success;duration_ms=36]
2026-10-10T15:52:31.9176588Z ##[start-action display=Set $CARGO_HOME;id=__dtolnay_rust-toolchain.__run]
2026-10-10T15:52:31.9201744Z ##[group]Run echo CARGO_HOME=${CARGO_HOME:-"$HOME/.cargo"} >> $GITHUB_ENV
2026-10-10T15:52:31.9202021Z [36;1mecho CARGO_HOME=${CARGO_HOME:-"$HOME/.cargo"} >> $GITHUB_ENV[0m
2026-10-10T15:52:31.9247044Z shell: /usr/bin/bash --noprofile --norc -e -o pipefail {0}
2026-10-10T15:52:31.9247238Z ##[endgroup]
2026-10-10T15:52:31.9315503Z ##[end-action id=__dtolnay_rust-toolchain.__run;outcome=success;conclusion=success;duration_ms=13]
2026-10-10T15:52:31.9316875Z ##[start-action display=Install rustup if needed;id=__dtolnay_rust-toolchain.__run_2]
2026-10-10T15:52:31.9337450Z ##[group]Run if ! command -v rustup &>/dev/null; then
2026-10-10T15:52:31.9337666Z [36;1mif ! command -v rustup &>/dev/null; then[0m
2026-10-10T15:52:31.9338093Z [36;1m  curl --proto '=https' --tlsv1.2 --retry 10 --retry-connrefused --location --silent --show-error --fail https://sh.rustup.rs | sh -s -- --default-toolchain none -y[0m
2026-10-10T15:52:31.9338495Z [36;1m  echo "$CARGO_HOME/bin" >> $GITHUB_PATH[0m
2026-10-10T15:52:31.9338656Z [36;1mfi[0m
2026-10-10T15:52:31.9382667Z shell: /usr/bin/bash --noprofile --norc -e -o pipefail {0}
2026-10-10T15:52:31.9382851Z env:
2026-10-10T15:52:31.9382973Z   CARGO_HOME: /home/runner/.cargo
2026-10-10T15:52:31.9383116Z ##[endgroup]
2026-10-10T15:52:31.9446672Z ##[end-action id=__dtolnay_rust-toolchain.__run_2;outcome=success;conclusion=success;duration_ms=12]
2026-10-10T15:52:31.9448073Z ##[start-action display=Install rustup if needed on windows;id=__dtolnay_rust-toolchain.__run_3]
2026-10-10T15:52:31.9452026Z ##[end-action id=__dtolnay_rust-toolchain.__run_3;outcome=skipped;conclusion=skipped;duration_ms=0]
2026-10-10T15:52:31.9460620Z ##[start-action display=rustup toolchain install stable;id=__dtolnay_rust-toolchain.__run_4]
2026-10-10T15:52:31.9477573Z ##[group]Run set -f  # split targets and components on commas and whitespace, without glob expansion
2026-10-10T15:52:31.9477953Z [36;1mset -f  # split targets and components on commas and whitespace, without glob expansion[0m
2026-10-10T15:52:31.9478194Z [36;1mflags=()[0m
2026-10-10T15:52:31.9478378Z [36;1mfor t in ${targets//,/ }; do flags+=(--target "$t"); done[0m
2026-10-10T15:52:31.9478607Z [36;1mfor c in ${components//,/ }; do flags+=(--component "$c"); done[0m
2026-10-10T15:52:31.9478894Z [36;1mif [[ $toolchain == nightly && -n $components ]]; then flags+=(--allow-downgrade); fi[0m
2026-10-10T15:52:31.9479130Z [36;1mlog=$(mktemp)[0m
2026-10-10T15:52:31.9479264Z [36;1mtrap 'rm -f "$log"' EXIT[0m
2026-10-10T15:52:31.9479411Z [36;1mfor attempt in 1 2 3 4 5; do[0m
2026-10-10T15:52:31.9479733Z [36;1m  if rustup toolchain install "$toolchain" "${flags[@]}" --profile minimal --no-self-update --force-non-host 2>&1 | tee "$log"; then[0m
2026-10-10T15:52:31.9480039Z [36;1m    break[0m
2026-10-10T15:52:31.9480155Z [36;1m  else[0m
2026-10-10T15:52:31.9480287Z [36;1m    status=$?[0m
2026-10-10T15:52:31.9480411Z [36;1m  fi[0m
2026-10-10T15:52:31.9480580Z [36;1m  if [[ $attempt == 5 ]] || ! grep -Fq 'checksum failed for ' "$log" \[0m
2026-10-10T15:52:31.9480890Z [36;1m      || ! grep -Fq 'this is likely due to an ongoing update of the official release server' "$log"; then[0m
2026-10-10T15:52:31.9481144Z [36;1m    exit "$status"[0m
2026-10-10T15:52:31.9481273Z [36;1m  fi[0m
2026-10-10T15:52:31.9481473Z [36;1m  echo "Retrying rustup toolchain install in 30 seconds (retry $attempt of 4)" >&2[0m
2026-10-10T15:52:31.9481703Z [36;1m  sleep 30[0m
2026-10-10T15:52:31.9481820Z [36;1mdone[0m
2026-10-10T15:52:31.9526595Z shell: /usr/bin/bash --noprofile --norc -e -o pipefail {0}
2026-10-10T15:52:31.9526781Z env:
2026-10-10T15:52:31.9526901Z   CARGO_HOME: /home/runner/.cargo
2026-10-10T15:52:31.9527046Z   toolchain: stable
2026-10-10T15:52:31.9527165Z   targets: 
2026-10-10T15:52:31.9527284Z   components: rustfmt, clippy
2026-10-10T15:52:31.9527432Z   RUSTUP_PERMIT_COPY_RENAME: 1
2026-10-10T15:52:31.9527568Z ##[endgroup]
2026-10-10T15:52:32.1663332Z info: syncing channel updates for stable-x86_64-unknown-linux-gnu
2026-10-10T15:52:32.4851647Z info: latest update on 2026-10-01 for version 1.99.0 (b940084d7 2026-09-28)
2026-10-10T15:52:32.5023128Z info: component clippy is up to date
2026-10-10T15:52:32.5023506Z info: component rustfmt is up to date
2026-10-10T15:52:32.5032134Z 
2026-10-10T15:52:32.5101658Z   stable-x86_64-unknown-linux-gnu unchanged - rustc 1.99.0 (b940084d7 2026-09-28)
2026-10-10T15:52:32.5102027Z 
2026-10-10T15:52:32.5151944Z ##[end-action id=__dtolnay_rust-toolchain.__run_4;outcome=success;conclusion=success;duration_ms=569]
2026-10-10T15:52:32.5157096Z ##[start-action display=rustup default stable;id=__dtolnay_rust-toolchain.__run_5]
2026-10-10T15:52:32.5172564Z ##[group]Run rustup default "$toolchain" --force-non-host
2026-10-10T15:52:32.5172808Z [36;1mrustup default "$toolchain" --force-non-host[0m
2026-10-10T15:52:32.5225430Z shell: /usr/bin/bash --noprofile --norc -e -o pipefail {0}
2026-10-10T15:52:32.5225614Z env:
2026-10-10T15:52:32.5225733Z   CARGO_HOME: /home/runner/.cargo
2026-10-10T15:52:32.5225876Z   toolchain: stable
2026-10-10T15:52:32.5226008Z ##[endgroup]
2026-10-10T15:52:32.5321100Z info: using existing install for stable-x86_64-unknown-linux-gnu
2026-10-10T15:52:32.5329537Z info: default toolchain set to stable-x86_64-unknown-linux-gnu
2026-10-10T15:52:32.5329783Z 
2026-10-10T15:52:32.5392567Z   stable-x86_64-unknown-linux-gnu unchanged - rustc 1.99.0 (b940084d7 2026-09-28)
2026-10-10T15:52:32.5392801Z 
2026-10-10T15:52:32.5407558Z ##[end-action id=__dtolnay_rust-toolchain.__run_5;outcome=success;conclusion=success;duration_ms=24]
2026-10-10T15:52:32.5410698Z ##[start-action display=Create cachekey;id=__dtolnay_rust-toolchain.rustc-version]
2026-10-10T15:52:32.5445718Z ##[group]Run DATE=$(rustc +"$toolchain" --version --verbose | sed -ne 's/^commit-date: \(20[0-9][0-9]\)-\([01][0-9]\)-\([0-3][0-9]\)$/\1\2\3/p')
2026-10-10T15:52:32.5446227Z [36;1mDATE=$(rustc +"$toolchain" --version --verbose | sed -ne 's/^commit-date: \(20[0-9][0-9]\)-\([01][0-9]\)-\([0-3][0-9]\)$/\1\2\3/p')[0m
2026-10-10T15:52:32.5446596Z [36;1mHASH=$(rustc +"$toolchain" --version --verbose | sed -ne 's/^commit-hash: //p')[0m
2026-10-10T15:52:32.5446879Z [36;1mecho "cachekey=$(echo $DATE$HASH | head -c12)" >> $GITHUB_OUTPUT[0m
2026-10-10T15:52:32.5498664Z shell: /usr/bin/bash --noprofile --norc -e -o pipefail {0}
2026-10-10T15:52:32.5498866Z env:
2026-10-10T15:52:32.5498995Z   CARGO_HOME: /home/runner/.cargo
2026-10-10T15:52:32.5499162Z   toolchain: stable
2026-10-10T15:52:32.5499289Z ##[endgroup]
2026-10-10T15:52:32.6013476Z ##[end-action id=__dtolnay_rust-toolchain.rustc-version;outcome=success;conclusion=success;duration_ms=60]
2026-10-10T15:52:32.6015657Z ##[start-action display=Disable incremental compilation;id=__dtolnay_rust-toolchain.__run_6]
2026-10-10T15:52:32.6032574Z ##[group]Run if [ -z "${CARGO_INCREMENTAL+set}" ]; then
2026-10-10T15:52:32.6032836Z [36;1mif [ -z "${CARGO_INCREMENTAL+set}" ]; then[0m
2026-10-10T15:52:32.6033029Z [36;1m  echo CARGO_INCREMENTAL=0 >> $GITHUB_ENV[0m
2026-10-10T15:52:32.6033191Z [36;1mfi[0m
2026-10-10T15:52:32.6085414Z shell: /usr/bin/bash --noprofile --norc -e -o pipefail {0}
2026-10-10T15:52:32.6085606Z env:
2026-10-10T15:52:32.6085729Z   CARGO_HOME: /home/runner/.cargo
2026-10-10T15:52:32.6085876Z ##[endgroup]
2026-10-10T15:52:32.6154130Z ##[end-action id=__dtolnay_rust-toolchain.__run_6;outcome=success;conclusion=success;duration_ms=13]
2026-10-10T15:52:32.6155890Z ##[start-action display=Enable colors in Cargo output;id=__dtolnay_rust-toolchain.__run_7]
2026-10-10T15:52:32.6171860Z ##[group]Run if [ -z "${CARGO_TERM_COLOR+set}" ]; then
2026-10-10T15:52:32.6172090Z [36;1mif [ -z "${CARGO_TERM_COLOR+set}" ]; then[0m
2026-10-10T15:52:32.6172278Z [36;1m  echo CARGO_TERM_COLOR=always >> $GITHUB_ENV[0m
2026-10-10T15:52:32.6172441Z [36;1mfi[0m
2026-10-10T15:52:32.6217724Z shell: /usr/bin/bash --noprofile --norc -e -o pipefail {0}
2026-10-10T15:52:32.6217904Z env:
2026-10-10T15:52:32.6218023Z   CARGO_HOME: /home/runner/.cargo
2026-10-10T15:52:32.6218167Z   CARGO_INCREMENTAL: 0
2026-10-10T15:52:32.6218290Z ##[endgroup]
2026-10-10T15:52:32.6279932Z ##[end-action id=__dtolnay_rust-toolchain.__run_7;outcome=success;conclusion=success;duration_ms=12]
2026-10-10T15:52:32.6282126Z ##[start-action display=Enable Cargo sparse registry;id=__dtolnay_rust-toolchain.__run_8]
2026-10-10T15:52:32.6298828Z ##[group]Run # implemented in 1.66, stabilized in 1.68, made default in 1.70
2026-10-10T15:52:32.6299111Z [36;1m# implemented in 1.66, stabilized in 1.68, made default in 1.70[0m
2026-10-10T15:52:32.6299494Z [36;1mif [ -z "${CARGO_REGISTRIES_CRATES_IO_PROTOCOL+set}" -o -f "/home/runner/work/_temp"/.implicit_cargo_registries_crates_io_protocol ]; then[0m
2026-10-10T15:52:32.6300036Z [36;1m  if rustc +"$toolchain" --version --verbose | grep -q '^release: 1\.6[89]\.'; then[0m
2026-10-10T15:52:32.6300360Z [36;1m    touch "/home/runner/work/_temp"/.implicit_cargo_registries_crates_io_protocol || true[0m
2026-10-10T15:52:32.6300651Z [36;1m    echo CARGO_REGISTRIES_CRATES_IO_PROTOCOL=sparse >> $GITHUB_ENV[0m
2026-10-10T15:52:32.6300936Z [36;1m  elif rustc +"$toolchain" --version --verbose | grep -q '^release: 1\.6[67]\.'; then[0m
2026-10-10T15:52:32.6301249Z [36;1m    touch "/home/runner/work/_temp"/.implicit_cargo_registries_crates_io_protocol || true[0m
2026-10-10T15:52:32.6301629Z [36;1m    echo CARGO_REGISTRIES_CRATES_IO_PROTOCOL=git >> $GITHUB_ENV[0m
2026-10-10T15:52:32.6301822Z [36;1m  fi[0m
2026-10-10T15:52:32.6301934Z [36;1mfi[0m
2026-10-10T15:52:32.6346127Z shell: /usr/bin/bash --noprofile --norc -e -o pipefail {0}
2026-10-10T15:52:32.6346316Z env:
2026-10-10T15:52:32.6346434Z   CARGO_HOME: /home/runner/.cargo
2026-10-10T15:52:32.6346582Z   CARGO_INCREMENTAL: 0
2026-10-10T15:52:32.6346715Z   CARGO_TERM_COLOR: always
2026-10-10T15:52:32.6346846Z   toolchain: stable
2026-10-10T15:52:32.6346964Z ##[endgroup]
2026-10-10T15:52:32.6607440Z ##[end-action id=__dtolnay_rust-toolchain.__run_8;outcome=success;conclusion=success;duration_ms=32]
2026-10-10T15:52:32.6610702Z ##[start-action display=Work around spurious network errors in curl 8.0;id=__dtolnay_rust-toolchain.__run_9]
2026-10-10T15:52:32.6627255Z ##[group]Run # https://rust-lang.zulipchat.com/#narrow/stream/246057-t-cargo/topic/timeout.20investigation
2026-10-10T15:52:32.6627693Z [36;1m# https://rust-lang.zulipchat.com/#narrow/stream/246057-t-cargo/topic/timeout.20investigation[0m
2026-10-10T15:52:32.6628038Z [36;1mif rustc +"$toolchain" --version --verbose | grep -q '^release: 1\.7[01]\.'; then[0m
2026-10-10T15:52:32.6628305Z [36;1m  echo CARGO_HTTP_MULTIPLEXING=false >> $GITHUB_ENV[0m
2026-10-10T15:52:32.6628486Z [36;1mfi[0m
2026-10-10T15:52:32.6680234Z shell: /usr/bin/bash --noprofile --norc -e -o pipefail {0}
2026-10-10T15:52:32.6680418Z env:
2026-10-10T15:52:32.6680536Z   CARGO_HOME: /home/runner/.cargo
2026-10-10T15:52:32.6680683Z   CARGO_INCREMENTAL: 0
2026-10-10T15:52:32.6680835Z   CARGO_TERM_COLOR: always
2026-10-10T15:52:32.6680964Z   toolchain: stable
2026-10-10T15:52:32.6681083Z ##[endgroup]
2026-10-10T15:52:32.6844511Z ##[end-action id=__dtolnay_rust-toolchain.__run_9;outcome=success;conclusion=success;duration_ms=23]
2026-10-10T15:52:32.6848618Z ##[start-action display=rustc +stable --version --verbose;id=__dtolnay_rust-toolchain.__run_10]
2026-10-10T15:52:32.6864612Z ##[group]Run rustc +"$toolchain" --version --verbose
2026-10-10T15:52:32.6865021Z [36;1mrustc +"$toolchain" --version --verbose[0m
2026-10-10T15:52:32.6914104Z shell: /usr/bin/bash --noprofile --norc -e -o pipefail {0}
2026-10-10T15:52:32.6914287Z env:
2026-10-10T15:52:32.6914409Z   CARGO_HOME: /home/runner/.cargo
2026-10-10T15:52:32.6914567Z   CARGO_INCREMENTAL: 0
2026-10-10T15:52:32.6914697Z   CARGO_TERM_COLOR: always
2026-10-10T15:52:32.6914973Z   toolchain: stable
2026-10-10T15:52:32.6915092Z ##[endgroup]
2026-10-10T15:52:32.7060080Z rustc 1.99.0 (b940084d7 2026-09-28)
2026-10-10T15:52:32.7060619Z binary: rustc
2026-10-10T15:52:32.7060876Z commit-hash: b940084d7eb6a299eb4bfeb8e34901bc051e7ac4
2026-10-10T15:52:32.7061159Z commit-date: 2026-09-28
2026-10-10T15:52:32.7061402Z host: x86_64-unknown-linux-gnu
2026-10-10T15:52:32.7061621Z release: 1.99.0
2026-10-10T15:52:32.7061921Z LLVM version: 23.1.1
2026-10-10T15:52:32.7078234Z ##[end-action id=__dtolnay_rust-toolchain.__run_10;outcome=success;conclusion=success;duration_ms=22]
2026-10-10T15:52:32.7156766Z ##[group]Run Swatinem/rust-cache@v2
2026-10-10T15:52:32.7156924Z with:
2026-10-10T15:52:32.7157039Z   prefix-key: v0-rust
2026-10-10T15:52:32.7157167Z   add-job-id-key: true
2026-10-10T15:52:32.7157304Z   add-rust-environment-hash-key: true
2026-10-10T15:52:32.7157593Z   cache-targets: true
2026-10-10T15:52:32.7157715Z   cache-all-crates: false
2026-10-10T15:52:32.7157853Z   cache-workspace-crates: false
2026-10-10T15:52:32.7157992Z   save-if: true
2026-10-10T15:52:32.7158110Z   cache-provider: github
2026-10-10T15:52:32.7158234Z   cache-bin: true
2026-10-10T15:52:32.7158347Z   lookup-only: false
2026-10-10T15:52:32.7158464Z   cmd-format: {0}
2026-10-10T15:52:32.7158575Z env:
2026-10-10T15:52:32.7158688Z   CARGO_HOME: /home/runner/.cargo
2026-10-10T15:52:32.7158829Z   CARGO_INCREMENTAL: 0
2026-10-10T15:52:32.7158952Z   CARGO_TERM_COLOR: always
2026-10-10T15:52:32.7159078Z ##[endgroup]
2026-10-10T15:52:33.7011446Z ##[group]Cache Configuration
2026-10-10T15:52:33.7011817Z Cache Provider:
2026-10-10T15:52:33.7012024Z     github
2026-10-10T15:52:33.7012190Z Workspaces:
2026-10-10T15:52:33.7012370Z     /home/runner/work/qzt/qzt
2026-10-10T15:52:33.7012582Z Cache Paths:
2026-10-10T15:52:33.7012758Z     /home/runner/.cargo/bin
2026-10-10T15:52:33.7019636Z     /home/runner/.cargo/.crates.toml
2026-10-10T15:52:33.7020136Z     /home/runner/.cargo/.crates2.json
2026-10-10T15:52:33.7020613Z     /home/runner/.cargo/registry
2026-10-10T15:52:33.7020900Z     /home/runner/.cargo/git
2026-10-10T15:52:33.7021116Z     /home/runner/work/qzt/qzt/target
2026-10-10T15:52:33.7021337Z Restore Key:
2026-10-10T15:52:33.7021547Z     v0-rust-check-Linux-x64-c7b3ef7d
2026-10-10T15:52:33.7021785Z Cache Key:
2026-10-10T15:52:33.7022013Z     v0-rust-check-Linux-x64-c7b3ef7d-f5641304
2026-10-10T15:52:33.7022296Z .. Prefix:
2026-10-10T15:52:33.7022530Z   - v0-rust-check-Linux-x64
2026-10-10T15:52:33.7022846Z .. Environment considered:
2026-10-10T15:52:33.7023055Z   - Rust Versions:
2026-10-10T15:52:33.7023380Z     - 1.99.0 x86_64-unknown-linux-gnu b940084d7eb6a299eb4bfeb8e34901bc051e7ac4
2026-10-10T15:52:33.7023745Z   - CARGO_HOME
2026-10-10T15:52:33.7023937Z   - CARGO_INCREMENTAL
2026-10-10T15:52:33.7024167Z   - CARGO_TERM_COLOR
2026-10-10T15:52:33.7024368Z .. Lockfiles considered:
2026-10-10T15:52:33.7024608Z   - /home/runner/work/qzt/qzt/Cargo.lock
2026-10-10T15:52:33.7025056Z   - /home/runner/work/qzt/qzt/Cargo.toml
2026-10-10T15:52:33.7025470Z ##[endgroup]
2026-10-10T15:52:33.7025606Z 
2026-10-10T15:52:33.7025723Z ... Restoring cache ...
2026-10-10T15:52:33.8158825Z Cache hit for: v0-rust-check-Linux-x64-c7b3ef7d-f5641304
2026-10-10T15:52:34.9518972Z Received 93062306 of 93062306 (100.0%), 89.3 MBs/sec
2026-10-10T15:52:34.9519320Z Cache Size: ~89 MB (93062306 B)
2026-10-10T15:52:34.9563894Z [command]/usr/bin/tar -xf /home/runner/work/_temp/b909a53e-77f5-451c-b735-d0e6eed13353/cache.tzst -P -C /home/runner/work/qzt/qzt --use-compress-program unzstd
2026-10-10T15:52:35.3495574Z Cache restored successfully
2026-10-10T15:52:35.3534965Z Restored from cache key "v0-rust-check-Linux-x64-c7b3ef7d-f5641304" full match: true.
2026-10-10T15:52:35.3646464Z ##[group]Run make check
2026-10-10T15:52:35.3646638Z [36;1mmake check[0m
2026-10-10T15:52:35.3701240Z shell: /usr/bin/bash -e {0}
2026-10-10T15:52:35.3701402Z env:
2026-10-10T15:52:35.3701540Z   CARGO_HOME: /home/runner/.cargo
2026-10-10T15:52:35.3701691Z   CARGO_INCREMENTAL: 0
2026-10-10T15:52:35.3701824Z   CARGO_TERM_COLOR: always
2026-10-10T15:52:35.3701964Z   CACHE_ON_FAILURE: false
2026-10-10T15:52:35.3702101Z ##[endgroup]
2026-10-10T15:52:35.3790761Z cargo fmt --all -- --check
2026-10-10T15:52:36.4422172Z cargo clippy --all-targets --all-features -- -D warnings
2026-10-10T15:52:36.9597454Z [1m[92m    Updating[0m crates.io index
2026-10-10T15:52:38.2667062Z [1m[92m    Checking[0m qzt v0.1.0-pre.6 (/home/runner/work/qzt/qzt)
2026-10-10T15:52:44.3534536Z [1m[91merror[0m[1m: used `assert!` to check that a value is empty[0m
2026-10-10T15:52:44.3535362Z   [1m[94m--> [0mtests/phase49_index_build_budgets.rs:35:9
2026-10-10T15:52:44.3535660Z    [1m[94m|[0m
2026-10-10T15:52:44.3536164Z [1m[94m35[0m [1m[94m|[0m         assert!(result.stdout.is_empty());
2026-10-10T15:52:44.3536948Z    [1m[94m|[0m         [1m[91m^^^^^^^^^^^^^^^^^^^^^^^^^^^^^^^^^[0m
2026-10-10T15:52:44.3537475Z    [1m[94m|[0m
2026-10-10T15:52:44.3538035Z    [1m[94m= [0m[1mhelp[0m: for further information visit https://rust-lang.github.io/rust-clippy/rust-1.99.0/index.html#assert_is_empty
2026-10-10T15:52:44.3544496Z    [1m[94m= [0m[1mnote[0m: `-D clippy::assert-is-empty` implied by `-D warnings`
2026-10-10T15:52:44.3545373Z    [1m[94m= [0m[1mhelp[0m: to override `-D warnings` add `#[allow(clippy::assert_is_empty)]`
2026-10-10T15:52:44.3545846Z [1m[96mhelp[0m: use `assert_eq!` to show the value on failure
2026-10-10T15:52:44.3546149Z    [1m[94m|[0m
2026-10-10T15:52:44.3546463Z [1m[94m35[0m [91m- [0m        assert!([91mresult.stdout.is_empty()[0m);
2026-10-10T15:52:44.3546953Z [1m[94m35[0m [92m+ [0m        assert[92m_eq[0m!([92mresult.stdout, [] as [u8; 0][0m);
2026-10-10T15:52:44.3547300Z    [1m[94m|[0m
2026-10-10T15:52:44.3547409Z 
2026-10-10T15:52:44.3547643Z [1m[91merror[0m[1m: used `assert!` to check that a value is empty[0m
2026-10-10T15:52:44.3548060Z    [1m[94m--> [0mtests/phase49_index_build_budgets.rs:387:9
2026-10-10T15:52:44.3548352Z     [1m[94m|[0m
2026-10-10T15:52:44.3548650Z [1m[94m387[0m [1m[94m|[0m         assert!(result.stdout.is_empty());
2026-10-10T15:52:44.3549037Z     [1m[94m|[0m         [1m[91m^^^^^^^^^^^^^^^^^^^^^^^^^^^^^^^^^[0m
2026-10-10T15:52:44.3549319Z     [1m[94m|[0m
2026-10-10T15:52:44.3549838Z     [1m[94m= [0m[1mhelp[0m: for further information visit https://rust-lang.github.io/rust-clippy/rust-1.99.0/index.html#assert_is_empty
2026-10-10T15:52:44.3550414Z [1m[96mhelp[0m: use `assert_eq!` to show the value on failure
2026-10-10T15:52:44.3550703Z     [1m[94m|[0m
2026-10-10T15:52:44.3551007Z [1m[94m387[0m [91m- [0m        assert!([91mresult.stdout.is_empty()[0m);
2026-10-10T15:52:44.3551466Z [1m[94m387[0m [92m+ [0m        assert[92m_eq[0m!([92mresult.stdout, [] as [u8; 0][0m);
2026-10-10T15:52:44.3551804Z     [1m[94m|[0m
2026-10-10T15:52:44.3551904Z 
2026-10-10T15:52:44.5522997Z [1m[91merror[0m: could not compile `qzt` (test "phase49_index_build_budgets") due to 2 previous errors
2026-10-10T15:52:44.5524711Z [1m[33mwarning[0m: build failed, waiting for other jobs to finish...
2026-10-10T15:52:44.8180769Z make: *** [Makefile:13: clippy] Error 101
2026-10-10T15:52:44.8193691Z ##[error]Process completed with exit code 2.
2026-10-10T15:52:44.8306251Z Post job cleanup.
2026-10-10T15:52:44.8864209Z [command]/usr/bin/git version
2026-10-10T15:52:44.8899276Z git version 2.55.0
2026-10-10T15:52:44.8922448Z Temporarily overriding HOME='/home/runner/work/_temp/483de40f-cdf2-4abe-ab12-bc65aebf05a0' before making global git config changes
2026-10-10T15:52:44.8923122Z Adding repository directory to the temporary git global config as a safe directory
2026-10-10T15:52:44.8926159Z [command]/usr/bin/git config --global --add safe.directory /home/runner/work/qzt/qzt
2026-10-10T15:52:44.8999988Z [command]/usr/bin/git config --local --name-only --get-regexp core\.sshCommand
2026-10-10T15:52:44.9030458Z [command]/usr/bin/git submodule foreach --recursive sh -c "git config --local --name-only --get-regexp 'core\.sshCommand' && git config --local --unset-all 'core.sshCommand' || :"
2026-10-10T15:52:44.9232777Z [command]/usr/bin/git config --local --name-only --get-regexp http\.https\:\/\/github\.com\/\.extraheader
2026-10-10T15:52:44.9301033Z http.https://github.com/.extraheader
2026-10-10T15:52:44.9309178Z [command]/usr/bin/git config --local --unset-all http.https://github.com/.extraheader
2026-10-10T15:52:44.9496005Z [command]/usr/bin/git submodule foreach --recursive sh -c "git config --local --name-only --get-regexp 'http\.https\:\/\/github\.com\/\.extraheader' && git config --local --unset-all 'http.https://github.com/.extraheader' || :"
2026-10-10T15:52:44.9677471Z [command]/usr/bin/git config --local --name-only --get-regexp ^includeIf\.gitdir:
2026-10-10T15:52:44.9706741Z [command]/usr/bin/git submodule foreach --recursive git config --local --show-origin --name-only --get-regexp remote.origin.url
2026-10-10T15:52:44.9996338Z Cleaning up orphan processes
