   Compiling libc v0.2.186
   Compiling find-msvc-tools v0.1.9
   Compiling shlex v2.0.1
   Compiling pkg-config v0.3.33
   Compiling zstd-safe v7.2.4
    Checking cfg-if v1.0.4
    Checking arrayvec v0.7.6
    Checking constant_time_eq v0.4.2
    Checking arrayref v0.3.9
    Checking same-file v1.0.6
error: linking with `/Applications/Xcode.app/Contents/Developer/Toolchains/XcodeDefault.xctoolchain/usr/bin/clang` failed: exit status: 1
  |
  = note:  "/Applications/Xcode.app/Contents/Developer/Toolchains/XcodeDefault.xctoolchain/usr/bin/clang" "/var/folders/72/r_2g2yf93rs0b0t31vf79m3c0000gn/T/rustcAGaQ1G/symbols.o" "<2 object files omitted>" "<sysroot>/lib/rustlib/aarch64-apple-darwin/lib/{libstd-*,libpanic_unwind-*,libobject-*,libmemchr-*,libaddr2line-*,libgimli-*,librustc_demangle-*,libstd_detect-*,libhashbrown-*,librustc_std_workspace_alloc-*,libminiz_oxide-*,libadler2-*,libunwind-*,libcfg_if-*,liblibc-*,liballoc-*,librustc_std_workspace_core-*,libcore-*,libcompiler_builtins-*}.rlib" "-lSystem" "-lc" "-lm" "-arch" "arm64" "-mmacosx-version-min=11.0.0" "-o" "/Volumes/Satechi/Developer/qzt-index-budget-20261010/target/debug/build/zstd-safe-8757e2aba20c17ff/build_script_build-8757e2aba20c17ff" "-Wl,-dead_strip" "-nodefaultlibs"
  = note: some arguments are omitted. use `--verbose` to show all linker arguments
  = note: ld: library 'System' not found
          clang: error: linker command failed with exit code 1 (use -v to see invocation)
          

error: could not compile `zstd-safe` (build script) due to 1 previous error
warning: build failed, waiting for other jobs to finish...
error: linking with `/Applications/Xcode.app/Contents/Developer/Toolchains/XcodeDefault.xctoolchain/usr/bin/clang` failed: exit status: 1
  |
  = note:  "/Applications/Xcode.app/Contents/Developer/Toolchains/XcodeDefault.xctoolchain/usr/bin/clang" "/var/folders/72/r_2g2yf93rs0b0t31vf79m3c0000gn/T/rustcnHptqA/symbols.o" "<5 object files omitted>" "<sysroot>/lib/rustlib/aarch64-apple-darwin/lib/{libstd-*,libpanic_unwind-*,libobject-*,libmemchr-*,libaddr2line-*,libgimli-*,librustc_demangle-*,libstd_detect-*,libhashbrown-*,librustc_std_workspace_alloc-*,libminiz_oxide-*,libadler2-*,libunwind-*,libcfg_if-*,liblibc-*,liballoc-*,librustc_std_workspace_core-*,libcore-*,libcompiler_builtins-*}.rlib" "-lSystem" "-lc" "-lm" "-arch" "arm64" "-mmacosx-version-min=11.0.0" "-o" "/Volumes/Satechi/Developer/qzt-index-budget-20261010/target/debug/build/libc-c33d48621ba73e4f/build_script_build-c33d48621ba73e4f" "-Wl,-dead_strip" "-nodefaultlibs"
  = note: some arguments are omitted. use `--verbose` to show all linker arguments
  = note: ld: library 'System' not found
          clang: error: linker command failed with exit code 1 (use -v to see invocation)
          

error: could not compile `libc` (build script) due to 1 previous error
